// Vitest Snapshot v1, https://vitest.dev/guide/snapshot.html

exports[`<NotFound /> > renders component correctly 1`] = `
.c0 {
  font-size: 20px;
}

<div>
  <div
    class="c0"
  >
    Not Found ðŸ˜¿
  </div>
</div>
`;

exports[`<NotFound /> renders component correctly 1`] = `
.c0 {
  font-size: 20px;
}

<div>
  <div
    class="c0"
  >
    Not Found ðŸ˜¿
  </div>
</div>
`;
